// Jest Snapshot v1, https://goo.gl/fbAQLP

exports[`src/components//Button render 1`] = `
<div
  className="undefined-loader"
/>
`;
